// Jest Snapshot v1, https://goo.gl/fbAQLP

exports[`should show 404 page 1`] = `
<!DOCTYPE html>
<html>
  <head>
    <meta charset="UTF-8">
    <meta http-equiv="X-UA-Compatible"
          content="IE=edge,chrome=1"
    >
    <meta name="description"
          content
    >
    <meta name="viewport"
          content="width=device-width"
    >
    <title>
      Financial Wellness & Literacy, Credit Card Personal Loan | Payoff
    </title>
    <link rel="stylesheet"
          type="text/css"
          href="css/style.css"
    >
  </head>
  <body>
    <header class="rebrand-header">
      <div class="payoff-logo">
      </div>
    </header>
    <main class="main-rebrand">
      <div class="main-inner">
        <svg width="48"
             height="48"
             viewbox="0 0 48 48"
             fill="none"
             xmlns="http://www.w3.org/2000/svg"
        >
          <path d="M35.1256 7.87405C35.656 7.86942 36.1666 8.07569 36.5449 8.44748L46.827 18.5517C47.2053 18.9235 47.4205 19.4303 47.4251 19.9607L47.5509 34.376C47.5555 34.9064 47.3493 35.417 46.9775 35.7953L36.8733 46.0774C36.5015 46.4557 35.9947 46.6709 35.4642 46.6755L21.0489 46.8013C20.5185 46.8059 20.008 46.5997 19.6297 46.2279L9.34756 36.1237C8.96923 35.7519 8.75408 35.2451 8.74945 34.7146L8.62365 20.2993C8.61903 19.7689 8.82529 19.2584 9.19708 18.8801L19.3013 8.59796C19.6731 8.21963 20.1799 8.00448 20.7103 7.99985L35.1256 7.87405Z"
                fill="#FBC6ED"
          >
          </path>
          <path fill-rule="evenodd"
                clip-rule="evenodd"
                d="M13.1123 4.53697C13.4562 4.19315 13.9225 4 14.4087 4H29.5887C30.0749 4 30.5412 4.19315 30.8851 4.53697L41.6284 15.2803C41.9722 15.6241 42.1654 16.0904 42.1654 16.5767V31.7567C42.1654 32.2429 41.9722 32.7092 41.6284 33.053L30.8851 43.7964C30.5412 44.1402 30.0749 44.3333 29.5887 44.3333H14.4087C13.9225 44.3333 13.4562 44.1402 13.1123 43.7964L2.369 33.053C2.02519 32.7092 1.83203 32.2429 1.83203 31.7567V16.5767C1.83203 16.0904 2.02519 15.6241 2.369 15.2803L13.1123 4.53697ZM15.1681 7.66667L5.4987 17.3361V30.9973L15.1681 40.6667H28.8293L38.4987 30.9973V17.3361L28.8293 7.66667H15.1681Z"
                fill="#242220"
          >
          </path>
          <path fill-rule="evenodd"
                clip-rule="evenodd"
                d="M28.7938 17.2037C29.5097 17.9197 29.5097 19.0805 28.7938 19.7964L17.7938 30.7964C17.0778 31.5124 15.917 31.5124 15.201 30.7964C14.4851 30.0805 14.4851 28.9197 15.201 28.2037L26.201 17.2037C26.917 16.4878 28.0778 16.4878 28.7938 17.2037Z"
                fill="#242220"
          >
          </path>
          <path fill-rule="evenodd"
                clip-rule="evenodd"
                d="M15.201 17.2037C15.917 16.4878 17.0778 16.4878 17.7938 17.2037L28.7938 28.2037C29.5097 28.9197 29.5097 30.0805 28.7938 30.7964C28.0778 31.5124 26.917 31.5124 26.201 30.7964L15.201 19.7964C14.4851 19.0805 14.4851 17.9197 15.201 17.2037Z"
                fill="#242220"
          >
          </path>
        </svg>
        <div class="title-container">
          <h1>
            Browser not supported.
          </h1>
          <p>
            Sorry, we currently do not support any versions of Internet Explorer. Please download
            <a href="https://www.google.com/chrome/">
              Google Chrome
            </a>
            ,
            <a href="https://support.apple.com/downloads/safari">
              Safari
            </a>
            ,
            <a href="https://www.mozilla.org/en-US/firefox/new/">
              Firefox
            </a>
            , or
            <a href="https://www.microsoft.com/en-us/windows/microsoft-edge">
              Microsoft Edge
            </a>
            before starting an application.
          </p>
          <br>
          <br>
          <br>
          <p>
            After you have downloaded the latest and greatest browser, please go back to
            <a href="https://www.payoff.com">
              www.payoff.com
            </a>
            to continue.
          </p>
        </div>
      </div>
      <div class="security-container">
        <div class="safe-container">
          <svg width="14"
               height="18"
               viewbox="0 0 14 18"
               fill="none"
               xmlns="http://www.w3.org/2000/svg"
          >
            <path fill-rule="evenodd"
                  clip-rule="evenodd"
                  d="M2.44949 5.23636C2.44949 2.70631 4.50126 0.654541 7.03131 0.654541C9.56136 0.654541 11.6131 2.70631 11.6131 5.23636V6.92181H13.6095V17.5091H0.453125V6.92181H2.44949V5.23636ZM9.97676 5.23636V6.92181H4.08585V5.23636C4.08585 3.61005 5.405 2.2909 7.03131 2.2909C8.65762 2.2909 9.97676 3.61005 9.97676 5.23636ZM2.08949 8.55818V15.8727H11.9731V8.55818H2.08949ZM6.21313 10.3909V14.0564H7.84949V10.3909H6.21313Z"
                  fill="#92908E"
            >
            </path>
          </svg>
          <p>
            Your information is safe and secure. We use bank-level security and 256-bit encryption.
          </p>
        </div>
        <div class="icon-container">
          <svg width="72"
               height="30"
               viewbox="0 0 72 30"
               fill="none"
               xmlns="http://www.w3.org/2000/svg"
          >
            <g clip-path="url(#clip0)">
              <path fill-rule="evenodd"
                    clip-rule="evenodd"
                    d="M59.29 4.97001H25.24H26.3V4.01001H25.24V4.97001H24.29H23.37H22.42H17.86C16.35 4.36001 14.71 4.02001 12.99 4.02001C5.83 4.02001 0 9.85001 0 17.01C0 24.17 5.83 30 12.99 30C14.71 30 16.35 29.66 17.86 29.05H59.29C65.93 29.05 71.33 23.65 71.33 17.01C71.33 10.37 65.93 4.97001 59.29 4.97001ZM12.99 25.89C10.62 25.89 8.39 24.97 6.71 23.29C5.03 21.61 4.11 19.38 4.11 17.01C4.11 14.64 5.03 12.41 6.71 10.73C8.39 9.05001 10.62 8.13001 12.99 8.13001C14.82 8.13001 16.56 8.68001 18.03 9.69001V9.87001H17.4V10.82H16.7C15.92 11.98 13.97 15.6 13.37 17.07C11.24 14.1 9.59 12.93 8.29 12.5C7.58 12.29 6.74 13.06 7.9 14.26C10.58 17.21 11.43 19.65 12.24 21.6C12.67 22.63 14.61 22.79 15 21.74C15.82 19.53 17.02 17.05 18.43 15.01V13.95H19.19V13H19.99V11.89H20.25C21.3 13.38 21.87 15.15 21.87 17.01C21.87 19.38 20.95 21.61 19.27 23.29C17.59 24.97 15.36 25.89 12.99 25.89ZM22.42 5.91001H23.37V6.87001H22.42V5.91001ZM20.83 5.91001V6.60001H20.75C20.43 6.36001 20.09 6.13001 19.74 5.91001H20.83ZM59.29 28.1H19.74C23.48 25.82 25.98 21.7 25.98 17.01C25.98 13.86 24.85 10.97 22.98 8.72001H23.48V7.92001H24.29V5.91001H59.29C65.41 5.91001 70.38 10.89 70.38 17.01C70.38 23.13 65.41 28.1 59.29 28.1Z"
                    fill="#92908E"
              >
              </path>
              <path fill-rule="evenodd"
                    clip-rule="evenodd"
                    d="M56.9883 13.52C56.9883 11.73 55.5383 10.27 53.7383 10.27C51.9483 10.27 50.4883 11.73 50.4883 13.52C50.4883 15.32 51.9483 16.77 53.7383 16.77C55.5383 16.77 56.9883 15.32 56.9883 13.52ZM53.7383 15.19C52.8183 15.19 52.0683 14.44 52.0683 13.52C52.0683 12.6 52.8183 11.86 53.7383 11.86C54.6583 11.86 55.4083 12.6 55.4083 13.52C55.4083 14.44 54.6583 15.19 53.7383 15.19Z"
                    fill="#92908E"
              >
              </path>
              <path fill-rule="evenodd"
                    clip-rule="evenodd"
                    d="M38.8281 10.27C37.0381 10.27 35.5781 11.73 35.5781 13.52C35.5781 15.32 37.0381 16.77 38.8281 16.77C40.6281 16.77 42.0781 15.32 42.0781 13.52C42.0781 11.73 40.6281 10.27 38.8281 10.27ZM38.8281 15.19C37.9081 15.19 37.1681 14.44 37.1681 13.52C37.1681 12.6 37.9081 11.86 38.8281 11.86C39.7481 11.86 40.4981 12.6 40.4981 13.52C40.4981 14.44 39.7481 15.19 38.8281 15.19Z"
                    fill="#92908E"
              >
              </path>
              <path fill-rule="evenodd"
                    clip-rule="evenodd"
                    d="M50.5012 16.5499L50.2812 15.2799C50.0812 15.3399 49.7612 15.3999 49.6412 15.3999C49.0912 15.3999 48.9713 15.2099 48.9713 14.6799V11.6699H50.3012V10.4199H48.9713V8.63989H47.4713L47.1612 10.4199H46.1113H46.0312C45.1812 10.4199 44.5412 10.9399 44.1212 11.7599L43.6012 10.4199H42.5312V16.6599H44.3613V13.9399C44.3613 12.5699 45.1713 11.6999 46.1313 11.6699H47.1313V14.7699C47.1313 16.2299 47.8812 16.7799 49.1012 16.7799C49.7312 16.7799 50.2112 16.6499 50.5012 16.5499Z"
                    fill="#92908E"
              >
              </path>
              <path fill-rule="evenodd"
                    clip-rule="evenodd"
                    d="M60.3497 11.78C60.8397 11.78 61.2797 12.07 61.2797 12.61V16.66H63.1197V12.55C63.1197 11.46 62.4997 10.27 61.0197 10.27C60.1597 10.27 59.4197 10.74 58.8797 11.37L58.5097 10.42H57.4297V16.66H59.2197V12.39L59.1197 12.11L59.2197 12.39C59.5097 12.08 59.8397 11.78 60.3497 11.78Z"
                    fill="#92908E"
              >
              </path>
              <path fill-rule="evenodd"
                    clip-rule="evenodd"
                    d="M34.9697 8.15991H33.2797V13.4999L30.4697 8.15991H28.4297V16.6599H30.1197V10.7799L33.1197 16.6599H34.9697V8.15991Z"
                    fill="#92908E"
              >
              </path>
              <path fill-rule="evenodd"
                    clip-rule="evenodd"
                    d="M67.7408 6.76997H68.0808V5.26997H68.5308V4.96997H67.3008V5.26997H67.7408V6.76997Z"
                    fill="#92908E"
              >
              </path>
              <path fill-rule="evenodd"
                    clip-rule="evenodd"
                    d="M69.0612 5.35997H69.0712L69.4413 6.76997H69.6913L70.0612 5.35997H70.0712V6.76997H70.3512V4.96997H69.8812L69.5612 6.14997L69.2512 4.96997H68.7812V6.76997H69.0612V5.35997Z"
                    fill="#92908E"
              >
              </path>
              <path fill-rule="evenodd"
                    clip-rule="evenodd"
                    d="M30.1419 21.55C29.4119 21.31 29.0319 21.18 29.0319 20.66C29.0319 20.22 29.3619 20.02 29.9119 20.02C30.3719 20.02 30.7719 20.13 31.1019 20.3L31.4319 19.6C31.0419 19.37 30.5619 19.24 29.9019 19.24C28.9119 19.24 28.1719 19.75 28.1719 20.68C28.1719 21.68 28.8619 22.04 29.5619 22.29C30.3519 22.56 30.8319 22.71 30.8319 23.26C30.8319 23.74 30.4519 24.02 29.8419 24.02C29.2119 24.02 28.6919 23.78 28.3519 23.53L27.9219 24.19C28.3119 24.49 28.9619 24.8 29.8519 24.8C31.0519 24.8 31.7219 24.18 31.7219 23.24C31.7219 22.14 30.8919 21.79 30.1419 21.55Z"
                    fill="#92908E"
              >
              </path>
              <path fill-rule="evenodd"
                    clip-rule="evenodd"
                    d="M34.2381 22.2801H36.0581V21.5501H34.2381V20.0701H36.5381V19.3301H33.3281V24.7301H36.6781V23.9801H34.2381V22.2801Z"
                    fill="#92908E"
              >
              </path>
              <path fill-rule="evenodd"
                    clip-rule="evenodd"
                    d="M40.2705 23.99C39.4005 23.99 38.9705 23.35 38.9705 22.1C38.9705 20.76 39.3805 20.04 40.2605 20.04C40.7005 20.04 40.9705 20.19 41.2905 20.51L41.8305 19.89C41.4505 19.46 40.9205 19.24 40.2405 19.24C38.7405 19.24 37.9805 20.45 37.9805 22.03C37.9805 23.61 38.7105 24.8 40.2605 24.8C41.0405 24.8 41.5305 24.48 41.9305 24.02L41.3905 23.42C41.0905 23.74 40.7505 23.99 40.2705 23.99Z"
                    fill="#92908E"
              >
              </path>
              <path fill-rule="evenodd"
                    clip-rule="evenodd"
                    d="M46.2702 22.8101C46.2702 23.5501 46.0802 24.0401 45.3002 24.0401C44.5202 24.0401 44.3402 23.5501 44.3402 22.8101V19.3301H43.4102V22.6601C43.4102 24.0001 43.9302 24.8001 45.3002 24.8001C46.6902 24.8001 47.2002 24.0001 47.2002 22.6601V19.3301H46.2702V22.8101Z"
                    fill="#92908E"
              >
              </path>
              <path fill-rule="evenodd"
                    clip-rule="evenodd"
                    d="M52.7413 20.9001C52.7413 19.7201 51.8913 19.3301 50.7913 19.3301H49.0312V24.7301H49.9513V22.4401H50.8012L51.8413 24.7301H52.8413L51.7112 22.3101C52.2512 22.1101 52.7413 21.7101 52.7413 20.9001ZM50.7612 21.7301H49.9513V20.0701H50.8212C51.4412 20.0701 51.8012 20.2801 51.8012 20.8801C51.8012 21.5101 51.4512 21.7301 50.7612 21.7301Z"
                    fill="#92908E"
              >
              </path>
              <path fill-rule="evenodd"
                    clip-rule="evenodd"
                    d="M55.3084 22.2801H57.1184V21.5501H55.3084V20.0701H57.6084V19.3301H54.3984V24.7301H57.7484V23.9801H55.3084V22.2801Z"
                    fill="#92908E"
              >
              </path>
              <path fill-rule="evenodd"
                    clip-rule="evenodd"
                    d="M60.6391 19.3301H59.2891V24.7301H60.6891C62.3891 24.7301 63.2491 23.7701 63.2491 22.0101C63.2491 20.2801 62.3991 19.3301 60.6391 19.3301ZM60.5891 23.9801H60.2091V20.0701H60.6991C61.9391 20.0701 62.2791 20.7801 62.2791 22.0101C62.2791 23.4001 61.8491 23.9801 60.5891 23.9801Z"
                    fill="#92908E"
              >
              </path>
              <path fill-rule="evenodd"
                    clip-rule="evenodd"
                    d="M27.1406 2.02002H28.1506V3.03002H27.1406V2.02002Z"
                    fill="#92908E"
              >
              </path>
              <path fill-rule="evenodd"
                    clip-rule="evenodd"
                    d="M25.2391 3.02002H26.1391V2.02002H24.2891V3.02002V4.01002H25.2391V3.02002Z"
                    fill="#92908E"
              >
              </path>
              <path fill-rule="evenodd"
                    clip-rule="evenodd"
                    d="M21.4687 4.06006H22.4188V4.97006H21.4687V4.06006Z"
                    fill="#92908E"
              >
              </path>
              <path fill-rule="evenodd"
                    clip-rule="evenodd"
                    d="M27.1406 1.02H28.1506V0H27.1406V1.01H26.1406V2.02H27.1406V1.02Z"
                    fill="#92908E"
              >
              </path>
              <path fill-rule="evenodd"
                    clip-rule="evenodd"
                    d="M23.3711 3.02002H24.2911V4.97002H23.3711V3.02002Z"
                    fill="#92908E"
              >
              </path>
            </g>
            <defs>
              <clipPath id="clip0">
                <rect width="71.33"
                      height="30"
                      fill="white"
                >
                </rect>
              </clipPath>
            </defs>
          </svg>
          <svg width="68"
               height="25"
               viewbox="0 0 68 25"
               fill="none"
               xmlns="http://www.w3.org/2000/svg"
          >
            <g clip-path="url(#clip0)">
              <path fill-rule="evenodd"
                    clip-rule="evenodd"
                    d="M20.4685 3.63989C20.3485 3.65989 16.0785 3.98989 11.6685 3.98989C7.25846 3.98989 2.89846 3.63989 2.89846 3.63989C1.76846 17.3899 11.6685 21.0199 11.6685 21.0199C11.6685 21.0199 21.6185 17.3799 20.4685 3.63989ZM10.5485 15.0799L9.29846 10.2999L8.58846 15.0799H6.36846L7.78846 5.86989H10.1385L13.0085 15.0799H10.5485ZM14.8285 15.0799L14.0385 10.2999L13.2385 14.0399L12.0085 10.2999L13.3885 5.86989H15.6985L17.0685 15.0799H14.8285Z"
                    fill="#92908E"
              >
              </path>
              <path fill-rule="evenodd"
                    clip-rule="evenodd"
                    d="M23.2601 1.66C23.0901 1.6 17.4801 1.90735e-08 11.6701 1.90735e-08C5.86007 1.90735e-08 0.120067 1.66 0.120067 1.66C-1.37993 19.77 11.6701 24.2 11.6701 24.2C11.6701 24.2 24.7701 19.75 23.2601 1.66ZM11.6701 23.05C11.6701 23.05 -0.139933 19.04 1.21007 2.65C1.21007 2.65 6.41007 1.15 11.6701 1.15C16.9301 1.15 22.0101 2.6 22.1601 2.65C23.5301 19.03 11.6701 23.05 11.6701 23.05Z"
                    fill="#92908E"
              >
              </path>
              <path fill-rule="evenodd"
                    clip-rule="evenodd"
                    d="M31.8389 10.32H30.0089L28.2589 5.88005H28.2389L27.5989 10.32H25.6289L26.9289 2.06005H28.8789L31.8389 10.32ZM30.5589 6.08005L32.0589 2.05005H34.0189L35.1789 10.32H33.1989L32.6389 5.88005H32.6189L31.4789 8.54005L30.5589 6.08005Z"
                    fill="#92908E"
              >
              </path>
              <path fill-rule="evenodd"
                    clip-rule="evenodd"
                    d="M42.6992 8.88006L42.1992 10.3201H40.1992L42.9892 2.06006H45.0392L47.7692 10.3201H45.7592L45.2892 8.88006H42.6992ZM44.0092 4.61006H43.9992L43.2192 7.24006H44.7792L44.0092 4.61006Z"
                    fill="#92908E"
              >
              </path>
              <path fill-rule="evenodd"
                    clip-rule="evenodd"
                    d="M57.7998 7.84001H53.9298C53.9298 8.65001 54.3198 9.09001 55.0798 9.09001C55.4698 9.09001 55.7598 8.95001 55.9598 8.57001H57.7298C57.5798 9.23001 57.2198 9.71001 56.7498 10.03C56.2698 10.35 55.6898 10.5 55.0898 10.5C53.3798 10.5 52.0898 9.45001 52.0898 7.51001C52.0898 5.64001 53.2698 4.51001 54.9598 4.51001C56.7598 4.51001 57.7998 5.71001 57.7998 7.63001V7.84001ZM56.0898 6.69001C55.9998 6.15001 55.5498 5.80001 55.0498 5.80001C54.5198 5.80001 54.0698 6.11001 53.9598 6.69001H56.0898Z"
                    fill="#92908E"
              >
              </path>
              <path fill-rule="evenodd"
                    clip-rule="evenodd"
                    d="M64.1297 7.84001H60.2697C60.2697 8.65001 60.6597 9.09001 61.4197 9.09001C61.8097 9.09001 62.0897 8.95001 62.2997 8.57001H64.0597C63.9197 9.23001 63.5597 9.71001 63.0797 10.03C62.6097 10.35 62.0197 10.5 61.4297 10.5C59.7097 10.5 58.4297 9.45001 58.4297 7.51001C58.4297 5.64001 59.6097 4.51001 61.2997 4.51001C63.0897 4.51001 64.1297 5.71001 64.1297 7.63001V7.84001ZM62.4297 6.69001C62.3397 6.15001 61.8797 5.80001 61.3897 5.80001C60.8497 5.80001 60.4097 6.11001 60.2997 6.69001H62.4297Z"
                    fill="#92908E"
              >
              </path>
              <path fill-rule="evenodd"
                    clip-rule="evenodd"
                    d="M64.3906 3.59994C64.3906 2.80994 65.0106 2.18994 65.8006 2.18994C66.5906 2.18994 67.2106 2.80994 67.2106 3.59994C67.2106 4.37994 66.5906 4.99994 65.8006 4.99994C65.0106 4.99994 64.3906 4.37994 64.3906 3.59994ZM64.6206 3.59994C64.6206 4.25994 65.1506 4.76994 65.8006 4.76994C66.4406 4.76994 66.9806 4.25994 66.9806 3.59994C66.9806 2.92994 66.4406 2.41994 65.8006 2.41994C65.1506 2.41994 64.6206 2.92994 64.6206 3.59994ZM66.4406 4.39994H66.1806L65.7806 3.66994H65.4806V4.39994H65.2506V2.81994H65.9206C66.2106 2.81994 66.4606 2.89994 66.4606 3.22994C66.4606 3.54994 66.2506 3.65994 66.0406 3.66994L66.4406 4.39994ZM65.4806 3.03994V3.43994H65.7306C65.9406 3.43994 66.2306 3.46994 66.2306 3.25994C66.2306 3.05994 66.0706 3.03994 65.8806 3.03994H65.4806Z"
                    fill="#92908E"
              >
              </path>
              <path fill-rule="evenodd"
                    clip-rule="evenodd"
                    d="M48.4802 6.05006H47.4102V4.70006H48.5102V4.05006C48.5102 2.39006 49.2502 1.81006 50.7002 1.81006C51.0902 1.81006 51.4002 1.87006 51.6302 1.92006L51.5202 3.25006C51.3702 3.19006 51.2102 3.16006 50.9402 3.16006C50.4802 3.16006 50.3002 3.51006 50.3002 4.05006V4.70006H51.5902V6.05006H50.3002V10.3001H48.4802V6.05006Z"
                    fill="#92908E"
              >
              </path>
              <path fill-rule="evenodd"
                    clip-rule="evenodd"
                    d="M29.7684 14.25C29.1884 14.03 28.8684 13.93 28.2684 13.93C27.6284 13.93 26.8684 14.15 26.8684 14.96C26.8684 16.45 30.3084 16.11 30.3084 18.67C30.3084 20.33 28.9884 20.9799 27.3884 20.9799C26.8184 20.9799 26.2684 20.83 25.7484 20.66L25.8584 19.62C26.2484 19.78 26.9384 20 27.5184 20C28.1784 20 29.0984 19.65 29.0984 18.74C29.0984 17 25.6484 17.48 25.6484 15.06C25.6484 13.68 26.7784 12.95 28.2184 12.95C28.7484 12.95 29.3784 13.04 29.9284 13.23L29.7684 14.25Z"
                    fill="#92908E"
              >
              </path>
              <path fill-rule="evenodd"
                    clip-rule="evenodd"
                    d="M31.9297 13.0801H36.4197V14.0601H33.0797V16.3301H36.1197V17.3101H33.0797V19.8701H36.4197V20.8501H31.9297V13.0801Z"
                    fill="#92908E"
              >
              </path>
              <path fill-rule="evenodd"
                    clip-rule="evenodd"
                    d="M43.3189 14.36C42.8189 14.07 42.2589 13.93 41.6689 13.93C39.8189 13.93 38.5989 15.22 38.5989 16.97C38.5989 18.79 39.9489 20 41.6089 20C42.1889 20 42.9589 19.86 43.3589 19.63L43.4289 20.7C42.8189 20.95 42.0689 20.9799 41.5989 20.9799C39.0689 20.9799 37.3789 19.4 37.3789 16.93C37.3789 14.54 39.1689 12.95 41.6089 12.95C42.2289 12.95 42.8389 13.04 43.4189 13.28L43.3189 14.36Z"
                    fill="#92908E"
              >
              </path>
              <path fill-rule="evenodd"
                    clip-rule="evenodd"
                    d="M50.5794 17.6301C50.5794 19.8101 49.4394 20.9801 47.4694 20.9801C45.4894 20.9801 44.3594 19.8101 44.3594 17.6301V13.0801H45.4994V17.4901C45.4994 18.9801 45.9894 20.0001 47.4694 20.0001C48.9494 20.0001 49.4294 18.9801 49.4294 17.4901V13.0801H50.5794V17.6301Z"
                    fill="#92908E"
              >
              </path>
              <path fill-rule="evenodd"
                    clip-rule="evenodd"
                    d="M52.3984 13.0801H54.3584C55.9484 13.0801 57.4684 13.3301 57.4684 15.1901C57.4684 16.1301 56.7484 16.8001 55.8184 16.9501V16.9801C56.1784 17.1101 56.3484 17.2801 56.5984 17.7601L58.1084 20.8501H56.8084L55.5784 18.1601C55.2184 17.4001 54.8384 17.4001 54.2384 17.4001H53.5484V20.8501H52.3984V13.0801ZM53.5484 16.4201H54.5184C55.6084 16.4201 56.2584 15.9501 56.2584 15.2101C56.2584 14.5101 55.7084 14.0601 54.6484 14.0601H53.5484V16.4201Z"
                    fill="#92908E"
              >
              </path>
              <path fill-rule="evenodd"
                    clip-rule="evenodd"
                    d="M59.4102 13.0801H63.8902V14.0601H60.5602V16.3301H63.6002V17.3101H60.5602V19.8701H63.8902V20.8501H59.4102V13.0801Z"
                    fill="#92908E"
              >
              </path>
              <path fill-rule="evenodd"
                    clip-rule="evenodd"
                    d="M39.7511 6.45998C39.4111 6.24998 39.0811 6.14998 38.6511 6.14998C37.8611 6.14998 37.2511 6.72998 37.2511 7.69998C37.2511 8.58998 37.9611 9.16998 38.7511 9.16998C39.1611 9.16998 39.5711 9.06998 39.8811 8.89998L39.9211 10.34C39.4611 10.5 38.9211 10.59 38.4311 10.59C36.7011 10.59 35.3711 9.50998 35.3711 7.65998C35.3711 5.80998 36.7011 4.72998 38.4311 4.72998C38.9811 4.72998 39.4611 4.82998 39.8811 5.03998L39.7511 6.45998Z"
                    fill="#92908E"
              >
              </path>
            </g>
            <defs>
              <clipPath id="clip0">
                <rect width="67.2101"
                      height="24.2"
                      fill="white"
                >
                </rect>
              </clipPath>
            </defs>
          </svg>
        </div>
      </div>
    </main>
    <footer class="footer-rebrand">
      <div class="footer-inner">
        <p>
          © Copyright 2020. All rights reserved. Happy Money.
        </p>
        <ul class="social-icons-rebrand">
          <li>
            <a href="http://instagram.com/payoff"
               target="_blank"
            >
              <svg width="21"
                   height="20"
                   viewbox="0 0 21 20"
                   fill="none"
                   xmlns="http://www.w3.org/2000/svg"
              >
                <rect width="20.7674"
                      height="20"
                      fill="#C4C5C6"
                      fill-opacity="0"
                >
                </rect>
                <rect width="20.7674"
                      height="20"
                      fill="#C4C5C6"
                      fill-opacity="0"
                >
                </rect>
                <rect width="20.7674"
                      height="20"
                      fill="#C4C5C6"
                      fill-opacity="0"
                >
                </rect>
                <path d="M10.3796 1.80194C13.1527 1.80194 13.4782 1.81385 14.5743 1.86148C15.5879 1.90514 16.136 2.06787 16.5027 2.20679C16.9518 2.36555 17.3597 2.62354 17.6976 2.95297C18.0438 3.27446 18.3075 3.66739 18.4723 4.10399C18.6124 4.45723 18.7854 4.98512 18.8308 5.9615C18.8802 7.01727 18.8926 7.33082 18.8926 10.002C18.8926 12.6732 18.8802 12.9867 18.8308 14.0425C18.7854 15.0189 18.6165 15.5467 18.4723 15.9C18.122 16.7732 17.4092 17.4598 16.5027 17.7972C16.136 17.9321 15.5879 18.0988 14.5743 18.1425C13.4782 18.1901 13.1527 18.202 10.3796 18.202C7.60648 18.202 7.28096 18.1901 6.1849 18.1425C5.17125 18.0988 4.62322 17.9361 4.2565 17.7972C3.80736 17.6384 3.39943 17.3804 3.06155 17.051C2.71542 16.7295 2.45171 16.3366 2.28689 15.9C2.14679 15.5467 1.97373 15.0189 1.9284 14.0425C1.87896 12.9867 1.86659 12.6732 1.86659 10.002C1.86659 7.33082 1.87896 7.01727 1.9284 5.9615C1.97373 4.98512 2.14267 4.45723 2.28689 4.10399C2.45171 3.67136 2.71954 3.27843 3.06155 2.95297C3.39531 2.61957 3.80324 2.36555 4.2565 2.20679C4.62322 2.07184 5.17125 1.90514 6.1849 1.86148C7.28096 1.80988 7.6106 1.80194 10.3796 1.80194ZM10.3796 0C7.56115 0 7.20679 0.0119071 6.09837 0.0595356C4.99407 0.107164 4.24001 0.277833 3.58073 0.523914C2.88848 0.773963 2.26216 1.1669 1.74298 1.6789C1.21555 2.179 0.807622 2.7823 0.543908 3.4491C0.288436 4.08414 0.111254 4.81048 0.0618078 5.87815C0.0123616 6.94185 0 7.28319 0 9.99802C0 12.7128 0.0123616 13.0542 0.0618078 14.1218C0.111254 15.1856 0.288436 15.9119 0.543908 16.5509C0.803501 17.2177 1.21143 17.821 1.74298 18.3211C2.26216 18.8291 2.88848 19.2221 3.58073 19.4761C4.24001 19.7222 4.99407 19.8928 6.10249 19.9405C7.21091 19.9881 7.56115 20 10.3837 20C13.2063 20 13.5565 19.9881 14.6649 19.9405C15.7692 19.8928 16.5233 19.7222 17.1867 19.4761C18.5794 18.9561 19.6837 17.8964 20.2235 16.5509C20.479 15.9159 20.6562 15.1895 20.7056 14.1218C20.7551 13.0542 20.7674 12.7168 20.7674 9.99802C20.7674 7.27922 20.7551 6.94185 20.7056 5.87418C20.6562 4.81048 20.479 4.08414 20.2235 3.44513C19.9639 2.77833 19.556 2.17503 19.0244 1.67494C18.5052 1.1669 17.8789 0.773963 17.1867 0.519944C16.5274 0.273864 15.7733 0.103195 14.6649 0.0555666C13.5524 0.0119071 13.198 0 10.3796 0Z"
                      fill="#C4C5C6"
                >
                </path>
                <path d="M10.3788 4.86523C7.43678 4.86523 5.04688 7.16331 5.04688 10.0012C5.04688 12.839 7.43265 15.1371 10.3788 15.1371C13.325 15.1371 15.7108 12.839 15.7108 10.0012C15.7108 7.16331 13.325 4.86523 10.3788 4.86523ZM10.3788 13.3312C8.46691 13.3312 6.91759 11.8388 6.91759 9.9972C6.91759 8.15557 8.46691 6.66321 10.3788 6.66321C12.2907 6.66321 13.8401 8.15557 13.8401 9.9972C13.8401 11.8388 12.2907 13.3312 10.3788 13.3312Z"
                      fill="#C4C5C6"
                >
                </path>
                <path d="M15.9221 5.85824C16.6094 5.85824 17.1665 5.32158 17.1665 4.65959C17.1665 3.99759 16.6094 3.46094 15.9221 3.46094C15.2349 3.46094 14.6777 3.99759 14.6777 4.65959C14.6777 5.32158 15.2349 5.85824 15.9221 5.85824Z"
                      fill="#C4C5C6"
                >
                </path>
              </svg>
            </a>
          </li>
          <li>
            <a href="https://www.facebook.com/payoff/"
               target="_blank"
            >
              <svg width="20"
                   height="20"
                   viewbox="0 0 20 20"
                   fill="none"
                   xmlns="http://www.w3.org/2000/svg"
              >
                <path d="M1.11084 0H18.8892C19.1846 0 19.4653 0.117188 19.6753 0.325928C19.8828 0.533447 20 0.81665 20 1.11084V18.8892C20 19.0173 19.978 19.1431 19.9365 19.2615C19.8804 19.4153 19.7925 19.5569 19.6753 19.6741C19.5703 19.7791 19.4458 19.8608 19.3091 19.9158C19.1772 19.9707 19.0356 20 18.8892 20H13.8086V12.2607H16.416L16.8042 9.2334H13.8086V7.30591C13.8086 6.43677 14.0527 5.83984 15.3052 5.83374H16.8994V3.14453C16.1206 3.05786 15.3442 3.01758 14.5728 3.0249C14.2847 3.0249 14.0063 3.04688 13.7427 3.09082C11.8994 3.39478 10.6934 4.74365 10.6836 6.98608C10.6836 6.99585 10.6836 7.00684 10.6836 7.0166L10.6787 9.2334L8.08594 9.23828V12.2668H10.6836V20H1.11084C0.81543 20 0.534668 19.8828 0.324707 19.6741C0.117188 19.4666 0 19.1833 0 18.8892V1.11084C0 0.81665 0.117188 0.533447 0.324707 0.325928C0.534668 0.117188 0.81543 0 1.11084 0Z"
                      fill="#C4C5C6"
                >
                </path>
              </svg>
            </a>
          </li>
          <li>
            <a href="http://twitter.com/payoff"
               target="_blank"
            >
              <svg width="22"
                   height="18"
                   viewbox="0 0 22 18"
                   fill="none"
                   xmlns="http://www.w3.org/2000/svg"
              >
                <rect width="22"
                      height="18"
                      fill="#C4C5C6"
                      fill-opacity="0"
                >
                </rect>
                <path d="M22 2.15317C21.1585 2.51203 20.318 2.75093 19.4116 2.87089C20.318 2.33311 21.0298 1.43545 21.4181 0.358861C20.5765 0.896645 19.6063 1.25551 18.5711 1.43545C17.7296 0.5388 16.5646 -3.10243e-08 15.271 -3.10243e-08C12.7474 -3.10243e-08 10.7409 2.03321 10.7409 4.54524C10.7409 4.9041 10.8058 5.26296 10.8707 5.56184C7.11736 5.38292 3.81719 3.58861 1.55218 0.837682C1.16386 1.49543 0.970249 2.27313 0.970249 3.10979C0.970249 4.66418 1.74689 6.03965 2.97675 6.87733C2.26501 6.87733 1.55328 6.63843 0.906445 6.33955V6.39953C0.906445 8.61166 2.45972 10.406 4.53003 10.8248C4.14171 10.9448 3.75339 11.0037 3.36507 11.0037C3.04165 11.0037 2.78314 11.0037 2.52353 10.9437C3.10546 12.7381 4.78854 14.0535 6.73014 14.1135C5.17686 15.309 3.23636 16.0268 1.10005 16.0268C0.711736 16.0268 0.388319 16.0268 0 15.9668C2.0065 17.2223 4.40022 18 6.92375 18C15.2061 18 19.7361 11.1227 19.7361 5.143C19.7361 4.96408 19.7361 4.72416 19.7361 4.54524C20.6414 3.82752 21.4181 3.04981 22 2.15317Z"
                      fill="#C4C5C6"
                >
                </path>
              </svg>
            </a>
          </li>
        </ul>
      </div>
    </footer>
  </body>
</html>
`;
